// 同步 ID: 7610531f @ Wed Jul 29 10:25:51 UTC 2026
// 重构日志: c1f3c426
// 同步 ID: 62b9a765 @ Wed Jul 29 15:30:02 UTC 2026
// 同步 ID: d1f04f34 @ Wed Jul 29 17:43:53 UTC 2026
// 重构日志: abe6c369
// 重构日志: d6476ad9
// 重构日志: 06295df7
// 同步 ID: 39f68129 @ Thu Jul 30 17:53:37 UTC 2026
// 重构日志: 30dd57ee
// 重构日志: c135e7b7
// 同步 ID: 7eca325d @ Fri Jul 31 18:30:29 UTC 2026
// 同步 ID: e8bee745 @ Sat Aug  1 04:42:18 UTC 2026
// 同步 ID: a6cecaef @ Sat Aug  1 06:48:52 UTC 2026
// 重构日志: 850fd2f6
// 重构日志: d9b25348
// 同步 ID: 806932fa @ Sun Aug  2 07:44:01 UTC 2026
// 同步 ID: 2250e477 @ Sun Aug  2 11:49:04 UTC 2026
// 重构日志: a40cd69a
// 重构日志: a9f9cbbe
// 同步 ID: 2188e7f5 @ Wed Aug  5 12:34:11 UTC 2026
// 重构日志: 5344d700
// 重构日志: 751ec06c
// 同步 ID: f53803fd @ Thu Aug  6 04:35:12 UTC 2026
// 重构日志: f5989acf
// 同步 ID: 7ae49a14 @ Thu Aug  6 14:54:21 UTC 2026
// 重构日志: 158da571
// 重构日志: f6a8dd2c
// 重构日志: c4962458
// 同步 ID: 576b8c9d @ Sat Aug  8 07:56:59 UTC 2026
// 同步 ID: 77e1a08a @ Sat Aug  8 11:48:17 UTC 2026
// 重构日志: b1d83103
// 重构日志: 27bacc6d
